2026-06-13 21:47:52,504 | INFO | === Запуск пайплайна ===
2026-06-13 21:47:52,509 | INFO | Шаг 1: Парсинг вакансий...
2026-06-13 21:48:25,536 | INFO | Собрано вакансий: 150
2026-06-13 21:48:25,536 | INFO | Шаг 2: Формирование датафрейма...
2026-06-13 21:48:25,560 | INFO | Датафрейм: 150 строк, 11 колонок
2026-06-13 21:48:25,560 | INFO | Шаг 3: Сохранение в базу данных...
2026-06-13 21:48:25,646 | INFO | === Пайплайн завершён успешно ===
2026-06-13 21:50:34,589 | INFO | === Запуск пайплайна ===
2026-06-13 21:50:34,591 | INFO | Шаг 1: Парсинг вакансий...
2026-06-13 21:50:59,792 | INFO | Собрано вакансий: 150
2026-06-13 21:50:59,794 | INFO | Шаг 2: Формирование датафрейма...
2026-06-13 21:50:59,798 | INFO | Датафрейм: 150 строк, 11 колонок
2026-06-13 21:50:59,799 | INFO | Шаг 3: Сохранение в базу данных...
2026-06-13 21:50:59,896 | INFO | === Пайплайн завершён успешно ===
2026-06-13 22:00:12,848 | INFO | === Запуск пайплайна ===
2026-06-13 22:00:12,849 | INFO | Шаг 1: Парсинг вакансий...
2026-06-13 22:00:39,608 | INFO | Собрано вакансий: 150
2026-06-13 22:00:39,608 | INFO | Шаг 2: Формирование датафрейма...
2026-06-13 22:00:39,905 | INFO | Датафрейм: 150 строк, 11 колонок
2026-06-13 22:00:39,906 | INFO | Шаг 3: Сохранение в базу данных...
2026-06-13 22:00:41,181 | INFO | === Пайплайн завершён успешно ===
2026-06-13 22:09:46,578 | INFO | === Запуск пайплайна ===
2026-06-13 22:09:46,580 | INFO | Шаг 1: Парсинг вакансий...
2026-06-13 22:10:14,552 | INFO | Собрано вакансий: 150
2026-06-13 22:10:14,552 | INFO | Шаг 2: Формирование датафрейма...
2026-06-13 22:10:14,554 | INFO | Датафрейм: 150 строк, 11 колонок
2026-06-13 22:10:14,554 | INFO | Шаг 3: Сохранение в базу данных...
2026-06-13 22:10:14,622 | INFO | === Пайплайн завершён успешно ===
2026-06-13 22:48:30,256 | INFO | === Запуск пайплайна ===
2026-06-13 22:48:30,260 | INFO | Шаг 1: Парсинг вакансий...
2026-06-13 22:50:53,304 | INFO | Собрано вакансий: 1000
2026-06-13 22:50:53,306 | INFO | Шаг 2: Формирование датафрейма...
2026-06-13 22:50:54,486 | INFO | Датафрейм: 1000 строк, 11 колонок
2026-06-13 22:50:54,496 | INFO | Шаг 3: Сохранение в базу данных...
2026-06-13 22:50:58,896 | ERROR | Ошибка пайплайна: IO Error: Cannot open file "c:\users\user\documents\github\hh_analitics\notebooks\..\data\hh_vacancies.duckdb": Процесс не может получить доступ к файлу, так как этот файл занят другим процессом.

File is already open in 
C:\Users\User\AppData\Local\DBeaver\dbeaver.exe (PID 26392)
2026-06-13 23:04:11,850 | INFO | Датафрейм готов: 1000 строк
2026-06-13 23:09:39,147 | INFO | === Данные сохранены ===
2026-06-14 13:49:28,531 | INFO | Датафрейм готов: 1000 строк
2026-06-14 13:49:28,860 | INFO | === Данные сохранены ===
2026-06-14 14:13:32,581 | INFO | Датафрейм готов: 1000 строк
2026-06-14 14:13:32,916 | INFO | === Данные сохранены ===
2026-06-14 16:16:41,946 | INFO | Датафрейм готов: 100 строк
2026-06-14 16:19:13,848 | INFO | Датафрейм готов: 100 строк
2026-06-14 16:23:49,174 | INFO | Датафрейм готов: 50 строк
2026-06-14 16:24:53,678 | INFO | Датафрейм готов: 19 строк
2026-06-14 16:32:39,815 | INFO | Датафрейм готов: 113 строк
2026-06-14 16:35:20,007 | INFO | Датафрейм готов: 139 строк
2026-06-14 16:42:49,837 | INFO | Датафрейм готов: 152 строк
2026-06-14 16:53:13,875 | INFO | Датафрейм готов: 139 строк
2026-06-14 16:53:15,873 | INFO | === Данные сохранены ===
2026-06-14 17:38:47,224 | INFO | Датафрейм готов: 138 строк
2026-06-14 17:38:47,551 | INFO | === Данные сохранены ===
2026-06-14 19:03:57,587 | INFO | Датафрейм готов: 138 строк
2026-06-14 19:03:57,919 | INFO | === Данные сохранены ===
2026-06-14 19:51:13,665 | INFO | Датафрейм готов: 138 строк
2026-06-14 19:51:14,153 | INFO | === Данные сохранены ===
